E, 1
0.08125, 0.07073509015256588
